No inserts would cause a left-left rotation.

No inserts would cause a right-left rotation.

No inserts would cause a left-right rotation.

No inserts would cause a right-right rotation.

